// Vitest Snapshot v1, https://vitest.dev/guide/snapshot.html

exports[`DELETE /api/admin/conductores (caracterización) > 200: borra vehículos (sin autoCommit) y luego viajes (con autoCommit) 1`] = `
[
  {
    "binds": {
      "id": "4",
    },
    "options": undefined,
    "sql": "DELETE FROM VEHICULOS WHERE CONDUCTOR_ID_USU = :id",
  },
  {
    "binds": {
      "id": "4",
    },
    "options": {
      "autoCommit": true,
    },
    "sql": "DELETE FROM VIAJES WHERE USUARIOS_ID_USU = :id",
  },
]
`;

exports[`GET /api/admin/conductores (caracterización) > 200 con las filas tal cual (comportamiento actual: sin autenticación) 1`] = `
[
  {
    "binds": undefined,
    "options": undefined,
    "sql": "
      SELECT DISTINCT
             u.ID_USU as "id",
             u.ID_USU as "idUsuario",
             u.NOMBRE_USU as "nombre", 
             u.APELLIDO_USU as "apellido", 
             u.CORREO_USU as "correo",
             (SELECT COUNT(*) FROM VEHICULOS v WHERE v.CONDUCTOR_ID_USU = u.ID_USU) as "totalVehiculos",
             (SELECT COUNT(*) FROM VIAJES vi WHERE vi.USUARIOS_ID_USU = u.ID_USU) as "totalViajes"
      FROM USUARIOS u
      WHERE EXISTS (SELECT 1 FROM VEHICULOS v WHERE v.CONDUCTOR_ID_USU = u.ID_USU)
         OR EXISTS (SELECT 1 FROM VIAJES vi WHERE vi.USUARIOS_ID_USU = u.ID_USU)
      ORDER BY u.NOMBRE_USU ASC
    ",
  },
]
`;
